TV Show[0] = Firefly
TV Show[1] = Game of Throne
TV Show[2] = Futurama
TV Show[3] = Arrested Development
TV Show[4] = Big Bang Theory
TV Show[5] = Better Off Ted
