Fruit Juice : 1 cup 
Lime Juice : 1/2 cup 
Mint leaves : 3 
Orange Juice : 2 cups 
Rum : 1/2 bottle 
Sprite : 2 cups 
Strawberries : 20 
