Language[0] = .Net
Language[1] = Java
Language[2] = Perl
Language[3] = Ruby
Language[4] = Php
Language[5] = Node.js
