Squares


1^2 = 1
3^2 = 9
5^2 = 25
10^2 = 100
12^2 = 144
16^2 = 256
