This file is called
GettingStarted.SeeingFilesSideBySide