Person
  FirstName:Jayne
  LastName:Cobb
  Sex:Male
  Age:38
