Good For[0] = Strings
Good For[1] = Objects
Good For[2] = Log Files
Good For[3] = WinForms
Good For[4] = WPF
Good For[5] = RDLC Reports
Good For[6] = ASP Pages
Good For[7] = ASP.MVC Pages
Good For[8] = ASP Routes
Good For[9] = Entity Framework Queries
Good For[10] = Collections
Good For[11] = Xml
Good For[12] = Html
Good For[13] = Json
Good For[14] = Email
