[1,11] => 11
[1,33] => 33
[1,55] => 55
[2,11] => 22
[2,33] => 66
[2,55] => 110
[3,11] => 33
[3,33] => 99
[3,55] => 165
