[60,3,-1] => 30
[60,3,-2] => 60
[60,3,1] => 15
[60,2,-1] => 60
[60,2,-2] => Attempted to divide by zero.
[60,2,1] => 20
[126,3,-1] => 63
[126,3,-2] => 126
[126,3,1] => 31
[126,2,-1] => 126
[126,2,-2] => Attempted to divide by zero.
[126,2,1] => 42
[42,3,-1] => 21
[42,3,-2] => 42
[42,3,1] => 10
[42,2,-1] => 42
[42,2,-2] => Attempted to divide by zero.
[42,2,1] => 14
