[yy,M,dd] => 00/1/01
[yy,M,dddd] => 00/1/Saturday
[yy,MMM,dd] => 00/Jan/01
[yy,MMM,dddd] => 00/Jan/Saturday
[yy,MMMM,dd] => 00/January/01
[yy,MMMM,dddd] => 00/January/Saturday
[yyyy,M,dd] => 2000/1/01
[yyyy,M,dddd] => 2000/1/Saturday
[yyyy,MMM,dd] => 2000/Jan/01
[yyyy,MMM,dddd] => 2000/Jan/Saturday
[yyyy,MMMM,dd] => 2000/January/01
[yyyy,MMMM,dddd] => 2000/January/Saturday
